10:49:01 **** Incremental Build of configuration Debug for project FW-Motor-Dir ****
make -j8 all 
arm-none-eabi-gcc "../Src/main.c" -mcpu=cortex-m3 -std=gnu11 -g3 -DDEBUG -DSTM32F103xB -DUSE_HAL_DRIVER -DSTM32F103RBTx -DSTM32 -DSTM32F1 -DNUCLEO_F103RB -c -I../Drivers/CMSIS/Include -I../Drivers/CMSIS/Device/ST/STM32F1xx/Include -I../Drivers/STM32F1xx_HAL_Driver/Inc -I../Inc -O0 -ffunction-sections -fdata-sections -Wall -fstack-usage -MMD -MP -MF"Src/main.d" -MT"Src/main.o" --specs=nano.specs -mfloat-abi=soft -mthumb -o "Src/main.o"
arm-none-eabi-gcc -o "FW-Motor-Dir.elf" @"objects.list"   -mcpu=cortex-m3 -T"C:\Users\LeaP\Documents\SCOLARITE\INSA\5A\PROJET\projet\geiflix\function_5-Motor-Direction\firmware\STM32F103RBTX_FLASH.ld" --specs=nosys.specs -Wl,-Map="FW-Motor-Dir.map" -Wl,--gc-sections -static --specs=nano.specs -mfloat-abi=soft -mthumb -Wl,--start-group -lc -lm -Wl,--end-group
Finished building target: FW-Motor-Dir.elf
 
arm-none-eabi-size   FW-Motor-Dir.elf 
arm-none-eabi-objdump -h -S  FW-Motor-Dir.elf  > "FW-Motor-Dir.list"
arm-none-eabi-objcopy  -O binary  FW-Motor-Dir.elf  "FW-Motor-Dir.bin"
   text	   data	    bss	    dec	    hex	filename
  24392	     44	   2140	  26576	   67d0	FW-Motor-Dir.elf
Finished building: default.size.stdout
 
Finished building: FW-Motor-Dir.bin
 
Finished building: FW-Motor-Dir.list
 
10:49:15 **** Incremental Build of configuration Debug for project FW-Motor-Dir ****
make -j8 all 
arm-none-eabi-size   FW-Motor-Dir.elf 
   text	   data	    bss	    dec	    hex	filename
  24392	     44	   2140	  26576	   67d0	FW-Motor-Dir.elf
Finished building: default.size.stdout
 
